// Jest Snapshot v1, https://goo.gl/fbAQLP

exports[`FollowersFollowingUsers displays correct follow or unfollow button 1`] = `
<Fragment>
  <div
    className="FollowersFollowingUsers__user"
    key="0x1DCODE0000"
  >
    <UserAvatar
      avatarSize="small"
      profile={
        Object {
          "@context": "https://www.w3.org/ns/activitystreams",
          "actor": "0x1DCODE0000",
          "discoverable": true,
          "icon": Object {
            "url": "https://image.shutterstock.com/image-vector/monday-time-sparkle-shine-word-600w-731826949.jpg",
          },
          "id": "http://localhost:3003/api/announce/0x1DCODE0000",
          "name": "Monday January",
          "preferredUsername": "0Monday0",
          "socialAddress": "0x1DCODE0000",
          "summary": "",
          "type": "Person",
          "url": "",
          "walletAddress": "0xCODE0000",
        }
      }
    />
    <div
      className="FollowersFollowingUsers__name"
    >
      Monday January
    </div>
    <Button
      className="FollowersFollowingUsers__button"
      name="Follow"
    >
      Follow
      <div
        className="FollowersFollowingUsers__buttonUnfollowIcon"
      >
        ✕
      </div>
    </Button>
  </div>
  <div
    className="FollowersFollowingUsers__user"
    key="0x1DCODE1111"
  >
    <UserAvatar
      avatarSize="small"
      profile={
        Object {
          "@context": "https://www.w3.org/ns/activitystreams",
          "actor": "0x1DCODE1111",
          "discoverable": true,
          "icon": Object {
            "url": "https://image.shutterstock.com/image-vector/traditional-taco-tuesday-neon-light-600w-1193206603.jpg",
          },
          "id": "http://localhost:3003/api/announce/0x1DCODE1111",
          "name": "Tuesday February",
          "preferredUsername": "1Tuesday1",
          "socialAddress": "0x1DCODE1111",
          "summary": "",
          "type": "Person",
          "url": "",
          "walletAddress": "0xCODE1111",
        }
      }
    />
    <div
      className="FollowersFollowingUsers__name"
    >
      Tuesday February
    </div>
    <Button
      className="FollowersFollowingUsers__button"
      name="Unfollow"
    >
      Unfollow
      <div
        className="FollowersFollowingUsers__buttonUnfollowIcon"
      >
        ✕
      </div>
    </Button>
  </div>
  <div
    className="FollowersFollowingUsers__user"
    key="0x1DCODE2222"
  >
    <UserAvatar
      avatarSize="small"
      profile={
        Object {
          "@context": "https://www.w3.org/ns/activitystreams",
          "actor": "0x1DCODE2222",
          "discoverable": true,
          "icon": Object {
            "url": "https://image.shutterstock.com/image-vector/wednesday-pop-art-illustration-vector-600w-219333010.jpg",
          },
          "id": "http://localhost:3003/api/announce/0x1DCODE2222",
          "name": "Wednesday March",
          "preferredUsername": "2Wednesday2",
          "socialAddress": "0x1DCODE2222",
          "summary": "",
          "type": "Person",
          "url": "",
          "walletAddress": "0xCODE2222",
        }
      }
    />
    <div
      className="FollowersFollowingUsers__name"
    >
      Wednesday March
    </div>
    <Button
      className="FollowersFollowingUsers__button"
      name="Follow"
    >
      Follow
      <div
        className="FollowersFollowingUsers__buttonUnfollowIcon"
      >
        ✕
      </div>
    </Button>
  </div>
  <div
    className="FollowersFollowingUsers__user"
    key="0x1DCODE3333"
  >
    <UserAvatar
      avatarSize="small"
      profile={
        Object {
          "@context": "https://www.w3.org/ns/activitystreams",
          "actor": "0x1DCODE3333",
          "discoverable": true,
          "icon": Object {
            "url": "https://image.shutterstock.com/image-vector/throwback-thursday-brush-lettering-vector-600w-467925458.jpg",
          },
          "id": "http://localhost:3003/api/announce/0x1DCODE3333",
          "name": "Thursday April",
          "preferredUsername": "3Thursday3",
          "socialAddress": "0x1DCODE3333",
          "summary": "",
          "type": "Person",
          "url": "",
          "walletAddress": "0xCODE3333",
        }
      }
    />
    <div
      className="FollowersFollowingUsers__name"
    >
      Thursday April
    </div>
    <Button
      className="FollowersFollowingUsers__button"
      name="Follow"
    >
      Follow
      <div
        className="FollowersFollowingUsers__buttonUnfollowIcon"
      >
        ✕
      </div>
    </Button>
  </div>
</Fragment>
`;
